src/services/email.ts(1,24): error TS2307: Cannot find module 'resend' or its corresponding type declarations.
src/services/whatsapp.ts(1,17): error TS2307: Cannot find module 'whatsapp-web.js' or its corresponding type declarations.
src/services/whatsapp.ts(3,20): error TS2307: Cannot find module 'qrcode-terminal' or its corresponding type declarations.
src/services/whatsapp.ts(21,26): error TS7006: Parameter 'qr' implicitly has an 'any' type.
src/services/whatsapp.ts(35,36): error TS7006: Parameter 'msg' implicitly has an 'any' type.
src/services/whatsapp.ts(39,36): error TS7006: Parameter 'reason' implicitly has an 'any' type.
src/services/whatsapp.ts(48,38): error TS7006: Parameter 'err' implicitly has an 'any' type.
